// Vitest Snapshot v1, https://vitest.dev/guide/snapshot.html

exports[`GuessAge > Test snapshot 1`] = `"Guess User Age AppFirst Name:  Age:   Enter First Name   Guess Age   Save my data"`;
